// Jest Snapshot v1, https://goo.gl/fbAQLP

exports[`Button should match snapshot 1`] = `
<button
  className="sc-bczRLJ jXOWFG"
  data-testid="btn-test-id"
  onClick={[MockFunction]}
  type="button"
>
  Test Button
</button>
`;
