// Jest Snapshot v1, https://goo.gl/fbAQLP

exports[`SignUpPage should match snapshot 1`] = `
<main
  className="sc-dmRaPn dQxFcV"
  data-testid="signup-template-test-id"
>
  <div
    className="sc-jSMfEi bQrDqy sc-kgflAQ iSfrTS"
    data-testid="flex-signup-template-test-id"
    direction="column"
  >
    <header
      data-testid="auth-header-signup-template-test-id"
    >
      <h1
        className="sc-gKXOVf zAjwy"
        data-testid="auth-heading-test-id"
      >
        Sign Up
      </h1>
    </header>
    <form
      data-testid="signup-form-test-id"
      onSubmit={[Function]}
    >
      <div
        className="sc-jSMfEi bQrDqy sc-idiyUo wwKtw"
        data-testid="flex-signup-form-test-id"
        direction="column"
      >
        <div
          className="sc-jSMfEi bQrDqy sc-breuTD jjaaRC"
          data-testid="email-input-signup-form-test-id"
          direction="column"
        >
          <label
            className="sc-papXJ daxRFt"
            data-testid="input-label-email-test-id"
            htmlFor="email"
          >
            Email
          </label>
          <input
            className="sc-ftvSup dLJLzu"
            data-testid="input-field-email-test-id"
            id="email"
            name="email"
            type="email"
          />
        </div>
        <div
          className="sc-jSMfEi bQrDqy sc-ksZaOG cRa-dNN"
          data-testid="password-input-signup-form-test-id"
          direction="column"
        >
          <label
            className="sc-papXJ daxRFt"
            data-testid="input-label-password-test-id"
            htmlFor="password"
          >
            Password
          </label>
          <input
            className="sc-ftvSup dLJLzu"
            data-testid="input-field-password-test-id"
            id="password"
            name="password"
            type="password"
          />
        </div>
        <button
          className="sc-bczRLJ jXOWFG"
          data-testid="btn-submit-signup-test-id"
          type="submit"
        >
          Sign Up
        </button>
      </div>
    </form>
    <div
      className="sc-dkzDqf fBSlBa"
      data-testid="divider-signup-test-id"
    >
      <div
        className="sc-hKMtZM cJojKy"
      />
      <span
        className="sc-eCYdqJ fGmLST"
      >
        OR
      </span>
    </div>
    <div
      className="sc-jSMfEi iChCMC sc-evZas fBPmfS"
      data-testid="auth-socials-signup-template-test-id"
      direction="row"
    >
      <button
        className="sc-iBkjds cxbDaZ"
        color="#DB4437"
        data-testid="icon-btn-Google-test-id"
        onClick={[Function]}
        type="button"
      >
        G
      </button>
      <button
        className="sc-iBkjds bqhZzF"
        color="#4267B2"
        data-testid="icon-btn-Facebook-test-id"
        onClick={[Function]}
        type="button"
      >
        f
      </button>
      <button
        className="sc-iBkjds hAqsSt"
        color="#0077B5"
        data-testid="icon-btn-LinkedIn-test-id"
        onClick={[Function]}
        type="button"
      >
        in
      </button>
    </div>
    <footer
      className="sc-kDDrLX kktpMP"
      data-testid="auth-footer-signup-template-test-id"
    >
      <div
        className="sc-jSMfEi iChCMC sc-crXcEl bUmuaF"
        data-testid="flex-footer-test-id"
        direction="row"
      >
        <p>
          Already a user?
        </p>
        <button
          className="sc-jqUVSM ebpvV sc-iqcoie bPYbbt"
          data-testid="btn-footer-test-id"
          onClick={[Function]}
          type="button"
        >
          Login
        </button>
      </div>
    </footer>
  </div>
</main>
`;
