// Jest Snapshot v1, https://goo.gl/fbAQLP

exports[`Checkbox should match snapshot 1`] = `
<input
  className="sc-gsnTZi kVuJZl"
  data-testid="test-checkbox"
  id="test-checkbox"
  name="test-checkbox"
  type="checkbox"
/>
`;
