// Jest Snapshot v1, https://goo.gl/fbAQLP

exports[`InputField matches snapshot 1`] = `
<input
  className="sc-ftvSup dLJLzu"
  data-testid="test-input-field"
  id="test-input-field"
  name="test-input-field"
  type="text"
/>
`;
