// Jest Snapshot v1, https://goo.gl/fbAQLP

exports[`Heading should match snapshot 1`] = `
<h1
  className="sc-gKXOVf zAjwy"
  data-testid="test-heading"
>
  Test Heading
</h1>
`;
