// Jest Snapshot v1, https://goo.gl/fbAQLP

exports[`IconButton should match snapshot 1`] = `
<button
  className="sc-iBkjds fegfkl"
  color="cyan"
  data-testid="icon-btn-test-id"
  onClick={[MockFunction]}
  type="button"
>
  F
</button>
`;
